------------------------------------------------------------
Timing Analyzer Summary
------------------------------------------------------------

Type  : Slow 1100mV 100C Model Setup 'clk'
Slack : 17.406
TNS   : 0.000

Type  : Slow 1100mV 100C Model Hold 'clk'
Slack : 0.818
TNS   : 0.000

Type  : Slow 1100mV 100C Model Minimum Pulse Width 'clk'
Slack : 9.198
TNS   : 0.000

Type  : Slow 1100mV -40C Model Setup 'clk'
Slack : 17.455
TNS   : 0.000

Type  : Slow 1100mV -40C Model Hold 'clk'
Slack : 0.913
TNS   : 0.000

Type  : Slow 1100mV -40C Model Minimum Pulse Width 'clk'
Slack : 9.313
TNS   : 0.000

Type  : Fast 1100mV 100C Model Setup 'clk'
Slack : 18.767
TNS   : 0.000

Type  : Fast 1100mV 100C Model Hold 'clk'
Slack : 0.304
TNS   : 0.000

Type  : Fast 1100mV 100C Model Minimum Pulse Width 'clk'
Slack : 9.113
TNS   : 0.000

Type  : Fast 1100mV -40C Model Setup 'clk'
Slack : 18.886
TNS   : 0.000

Type  : Fast 1100mV -40C Model Hold 'clk'
Slack : 0.290
TNS   : 0.000

Type  : Fast 1100mV -40C Model Minimum Pulse Width 'clk'
Slack : 9.052
TNS   : 0.000

------------------------------------------------------------
