------------------------------------------------------------
Timing Analyzer Summary
------------------------------------------------------------

Type  : Slow 1100mV 100C Model Setup 'CLOCK_50'
Slack : -2.395
TNS   : -216.634

Type  : Slow 1100mV 100C Model Hold 'CLOCK_50'
Slack : 0.289
TNS   : 0.000

Type  : Slow 1100mV 100C Model Minimum Pulse Width 'CLOCK_50'
Slack : -0.538
TNS   : -117.412

Type  : Slow 1100mV -40C Model Setup 'CLOCK_50'
Slack : -2.479
TNS   : -214.984

Type  : Slow 1100mV -40C Model Hold 'CLOCK_50'
Slack : 0.268
TNS   : 0.000

Type  : Slow 1100mV -40C Model Minimum Pulse Width 'CLOCK_50'
Slack : -0.538
TNS   : -107.285

Type  : Fast 1100mV 100C Model Setup 'CLOCK_50'
Slack : -0.629
TNS   : -40.668

Type  : Fast 1100mV 100C Model Hold 'CLOCK_50'
Slack : 0.159
TNS   : 0.000

Type  : Fast 1100mV 100C Model Minimum Pulse Width 'CLOCK_50'
Slack : -0.395
TNS   : -58.702

Type  : Fast 1100mV -40C Model Setup 'CLOCK_50'
Slack : -0.477
TNS   : -25.401

Type  : Fast 1100mV -40C Model Hold 'CLOCK_50'
Slack : 0.135
TNS   : 0.000

Type  : Fast 1100mV -40C Model Minimum Pulse Width 'CLOCK_50'
Slack : -0.451
TNS   : -76.666

------------------------------------------------------------
