------------------------------------------------------------
Timing Analyzer Summary
------------------------------------------------------------

Type  : Slow 1100mV 100C Model Setup 'CLOCK_50'
Slack : -2.227
TNS   : -136.830

Type  : Slow 1100mV 100C Model Hold 'CLOCK_50'
Slack : 0.244
TNS   : 0.000

Type  : Slow 1100mV 100C Model Minimum Pulse Width 'CLOCK_50'
Slack : -0.538
TNS   : -71.724

Type  : Slow 1100mV -40C Model Setup 'CLOCK_50'
Slack : -2.175
TNS   : -137.443

Type  : Slow 1100mV -40C Model Hold 'CLOCK_50'
Slack : 0.228
TNS   : 0.000

Type  : Slow 1100mV -40C Model Minimum Pulse Width 'CLOCK_50'
Slack : -0.538
TNS   : -66.730

Type  : Fast 1100mV 100C Model Setup 'CLOCK_50'
Slack : -0.511
TNS   : -23.258

Type  : Fast 1100mV 100C Model Hold 'CLOCK_50'
Slack : 0.138
TNS   : 0.000

Type  : Fast 1100mV 100C Model Minimum Pulse Width 'CLOCK_50'
Slack : -0.393
TNS   : -36.183

Type  : Fast 1100mV -40C Model Setup 'CLOCK_50'
Slack : -0.356
TNS   : -14.715

Type  : Fast 1100mV -40C Model Hold 'CLOCK_50'
Slack : 0.117
TNS   : 0.000

Type  : Fast 1100mV -40C Model Minimum Pulse Width 'CLOCK_50'
Slack : -0.448
TNS   : -47.285

------------------------------------------------------------
