------------------------------------------------------------
Timing Analyzer Summary
------------------------------------------------------------

Type  : Slow 1100mV 100C Model Setup 'CLOCK_50'
Slack : -2.404
TNS   : -192.399

Type  : Slow 1100mV 100C Model Hold 'CLOCK_50'
Slack : 0.332
TNS   : 0.000

Type  : Slow 1100mV 100C Model Minimum Pulse Width 'CLOCK_50'
Slack : -0.538
TNS   : -109.037

Type  : Slow 1100mV -40C Model Setup 'CLOCK_50'
Slack : -2.563
TNS   : -191.982

Type  : Slow 1100mV -40C Model Hold 'CLOCK_50'
Slack : 0.316
TNS   : 0.000

Type  : Slow 1100mV -40C Model Minimum Pulse Width 'CLOCK_50'
Slack : -0.538
TNS   : -101.119

Type  : Fast 1100mV 100C Model Setup 'CLOCK_50'
Slack : -0.667
TNS   : -33.454

Type  : Fast 1100mV 100C Model Hold 'CLOCK_50'
Slack : 0.176
TNS   : 0.000

Type  : Fast 1100mV 100C Model Minimum Pulse Width 'CLOCK_50'
Slack : -0.389
TNS   : -54.028

Type  : Fast 1100mV -40C Model Setup 'CLOCK_50'
Slack : -0.525
TNS   : -19.201

Type  : Fast 1100mV -40C Model Hold 'CLOCK_50'
Slack : 0.151
TNS   : 0.000

Type  : Fast 1100mV -40C Model Minimum Pulse Width 'CLOCK_50'
Slack : -0.448
TNS   : -71.578

------------------------------------------------------------
